// Jest Snapshot v1, https://goo.gl/fbAQLP

exports[`AccessLogStack created 1`] = `[Function]`;
